\BOOKMARK [1][]{section.1}{\376\377\000I\000n\000t\000r\000o\000d\000u\000c\000t\000i\000o\000n}{}% 1
\BOOKMARK [1][]{section.2}{\376\377\000P\000r\000o\000b\000l\000e\000m\000\040\000f\000o\000r\000m\000u\000l\000a\000t\000i\000o\000n}{}% 2
\BOOKMARK [2][]{subsection.2.1}{\376\377\000P\000l\000a\000n\000t\000,\000\040\000a\000u\000g\000m\000e\000n\000t\000a\000t\000i\000o\000n\000,\000\040\000a\000n\000d\000\040\000D\000L\000Q\000R\000\040\000c\000o\000n\000t\000r\000o\000l}{section.2}% 3
\BOOKMARK [2][]{subsection.2.2}{\376\377\000D\000e\000c\000i\000s\000i\000o\000n\000\040\000v\000a\000r\000i\000a\000b\000l\000e\000s\000\040\000a\000n\000d\000\040\000f\000e\000a\000s\000i\000b\000l\000e\000\040\000s\000e\000t}{section.2}% 4
\BOOKMARK [2][]{subsection.2.3}{\376\377\000O\000b\000j\000e\000c\000t\000i\000v\000e\000\040\000f\000u\000n\000c\000t\000i\000o\000n}{section.2}% 5
\BOOKMARK [2][]{subsection.2.4}{\376\377\000B\000l\000a\000c\000k\000-\000b\000o\000x\000\040\000o\000p\000t\000i\000m\000i\000z\000a\000t\000i\000o\000n\000\040\000p\000r\000o\000b\000l\000e\000m}{section.2}% 6
\BOOKMARK [2][]{subsection.2.5}{\376\377\000M\000o\000d\000e\000l\000l\000i\000n\000g\000\040\000a\000s\000s\000u\000m\000p\000t\000i\000o\000n\000s\000\040\000r\000e\000l\000e\000v\000a\000n\000t\000\040\000t\000o\000\040\000t\000h\000e\000\040\000s\000t\000u\000d\000y}{section.2}% 7
\BOOKMARK [1][]{section.3}{\376\377\000C\000o\000m\000p\000a\000r\000e\000d\000\040\000a\000l\000g\000o\000r\000i\000t\000h\000m\000s}{}% 8
\BOOKMARK [2][]{subsection.3.1}{\376\377\000C\000o\000m\000m\000o\000n\000\040\000e\000x\000p\000e\000r\000i\000m\000e\000n\000t\000a\000l\000\040\000i\000n\000t\000e\000r\000f\000a\000c\000e}{section.3}% 9
\BOOKMARK [2][]{subsection.3.2}{\376\377\000\050\000,\000\051\000\040\000e\000v\000o\000l\000u\000t\000i\000o\000n\000\040\000s\000t\000r\000a\000t\000e\000g\000y}{section.3}% 10
\BOOKMARK [3][]{section*.2}{\376\377\000G\000e\000n\000e\000r\000a\000l\000\040\000m\000e\000t\000h\000o\000d\000.}{subsection.3.2}% 11
\BOOKMARK [4][]{section*.3}{\376\377\000I\000m\000p\000l\000e\000m\000e\000n\000t\000a\000t\000i\000o\000n\000\040\000a\000n\000d\000\040\000e\000n\000c\000o\000d\000i\000n\000g\000.}{section*.2}% 12
\BOOKMARK [4][]{section*.4}{\376\377\000A\000p\000p\000l\000i\000c\000a\000t\000i\000o\000n\000\040\000t\000o\000\040\000t\000h\000e\000\040\000V\000S\000I\000\040\000p\000r\000o\000b\000l\000e\000m\000.}{section*.2}% 13
\BOOKMARK [2][]{subsection.3.3}{\376\377\000A\000d\000a\000p\000t\000i\000v\000e\000\040\000d\000i\000f\000f\000e\000r\000e\000n\000t\000i\000a\000l\000\040\000e\000v\000o\000l\000u\000t\000i\000o\000n\000\040\000\050\000j\000D\000E\000\051}{section.3}% 14
\BOOKMARK [3][]{section*.5}{\376\377\000G\000e\000n\000e\000r\000a\000l\000\040\000m\000e\000t\000h\000o\000d\000.}{subsection.3.3}% 15
\BOOKMARK [4][]{section*.6}{\376\377\000I\000m\000p\000l\000e\000m\000e\000n\000t\000a\000t\000i\000o\000n\000\040\000a\000n\000d\000\040\000e\000n\000c\000o\000d\000i\000n\000g\000.}{section*.5}% 16
\BOOKMARK [4][]{section*.7}{\376\377\000A\000p\000p\000l\000i\000c\000a\000t\000i\000o\000n\000\040\000t\000o\000\040\000t\000h\000e\000\040\000V\000S\000I\000\040\000p\000r\000o\000b\000l\000e\000m\000.}{section*.5}% 17
\BOOKMARK [2][]{subsection.3.4}{\376\377\000C\000o\000v\000a\000r\000i\000a\000n\000c\000e\000-\000m\000a\000t\000r\000i\000x\000\040\000a\000d\000a\000p\000t\000a\000t\000i\000o\000n\000\040\000E\000S\000\040\000\050\000C\000M\000A\000-\000E\000S\000\051}{section.3}% 18
\BOOKMARK [3][]{section*.8}{\376\377\000G\000e\000n\000e\000r\000a\000l\000\040\000m\000e\000t\000h\000o\000d\000.}{subsection.3.4}% 19
\BOOKMARK [4][]{section*.9}{\376\377\000I\000m\000p\000l\000e\000m\000e\000n\000t\000a\000t\000i\000o\000n\000.}{section*.8}% 20
\BOOKMARK [4][]{section*.10}{\376\377\000A\000p\000p\000l\000i\000c\000a\000t\000i\000o\000n\000\040\000t\000o\000\040\000t\000h\000e\000\040\000V\000S\000I\000\040\000p\000r\000o\000b\000l\000e\000m\000.}{section*.8}% 21
\BOOKMARK [2][]{subsection.3.5}{\376\377\000P\000a\000r\000t\000i\000c\000l\000e\000\040\000s\000w\000a\000r\000m\000\040\000o\000p\000t\000i\000m\000i\000z\000a\000t\000i\000o\000n\000\040\000\050\000b\000a\000s\000e\000l\000i\000n\000e\000\051}{section.3}% 22
\BOOKMARK [3][]{section*.11}{\376\377\000G\000e\000n\000e\000r\000a\000l\000\040\000m\000e\000t\000h\000o\000d\000.}{subsection.3.5}% 23
\BOOKMARK [4][]{section*.12}{\376\377\000I\000m\000p\000l\000e\000m\000e\000n\000t\000a\000t\000i\000o\000n\000.}{section*.11}% 24
\BOOKMARK [4][]{section*.13}{\376\377\000A\000p\000p\000l\000i\000c\000a\000t\000i\000o\000n\000\040\000t\000o\000\040\000t\000h\000e\000\040\000V\000S\000I\000\040\000p\000r\000o\000b\000l\000e\000m\000.}{section*.11}% 25
\BOOKMARK [2][]{subsection.3.6}{\376\377\000S\000u\000m\000m\000a\000r\000y\000\040\000o\000f\000\040\000m\000e\000t\000h\000o\000d\000o\000l\000o\000g\000i\000c\000a\000l\000\040\000c\000h\000o\000i\000c\000e\000s}{section.3}% 26
\BOOKMARK [1][]{section.4}{\376\377\000E\000x\000p\000e\000r\000i\000m\000e\000n\000t\000a\000l\000\040\000m\000e\000t\000h\000o\000d\000o\000l\000o\000g\000y}{}% 27
\BOOKMARK [1][]{section.5}{\376\377\000R\000e\000s\000u\000l\000t\000s}{}% 28
\BOOKMARK [2][]{subsection.5.1}{\376\377\000O\000v\000e\000r\000a\000l\000l\000\040\000f\000i\000t\000n\000e\000s\000s\000\040\000l\000e\000v\000e\000l\000s}{section.5}% 29
\BOOKMARK [2][]{subsection.5.2}{\376\377\000T\000u\000n\000e\000d\000\040\000c\000o\000n\000f\000i\000g\000u\000r\000a\000t\000i\000o\000n\000s}{section.5}% 30
\BOOKMARK [3][]{section*.14}{\376\377\000S\000t\000a\000t\000i\000s\000t\000i\000c\000a\000l\000\040\000t\000e\000s\000t\000s\000\040\000\050\000n\000=\0005\000,\000\040\000t\000u\000n\000e\000d\000\040\000c\000o\000n\000f\000i\000g\000u\000r\000a\000t\000i\000o\000n\000s\000\051\000.}{subsection.5.2}% 31
\BOOKMARK [2][]{subsection.5.3}{\376\377\000B\000u\000d\000g\000e\000t\000\040\000s\000c\000a\000l\000i\000n\000g}{section.5}% 32
\BOOKMARK [2][]{subsection.5.4}{\376\377\000R\000o\000b\000u\000s\000t\000n\000e\000s\000s\000\040\000a\000n\000d\000\040\000r\000u\000n\000t\000i\000m\000e}{section.5}% 33
\BOOKMARK [1][]{section.6}{\376\377\000D\000i\000s\000c\000u\000s\000s\000i\000o\000n}{}% 34
\BOOKMARK [2][]{section*.15}{\376\377\000E\000v\000o\000l\000u\000t\000i\000o\000n\000a\000r\000y\000\040\000m\000e\000t\000h\000o\000d\000s\000\040\000v\000e\000r\000s\000u\000s\000\040\000P\000S\000O\000.}{section.6}% 35
\BOOKMARK [3][]{section*.16}{\376\377\000C\000o\000m\000p\000a\000r\000i\000s\000o\000n\000\040\000a\000m\000o\000n\000g\000\040\000E\000S\000,\000\040\000j\000D\000E\000,\000\040\000a\000n\000d\000\040\000C\000M\000A\000-\000E\000S\000.}{section*.15}% 36
\BOOKMARK [4][]{section*.17}{\376\377\000B\000u\000d\000g\000e\000t\000\040\000s\000c\000a\000l\000i\000n\000g\000\040\000a\000n\000d\000\040\000t\000h\000e\000\040\000f\000i\000t\000n\000e\000s\000s\000\040\000p\000l\000a\000t\000e\000a\000u\000.}{section*.16}% 37
\BOOKMARK [4][]{section*.18}{\376\377\000C\000o\000m\000p\000u\000t\000a\000t\000i\000o\000n\000a\000l\000\040\000t\000r\000a\000d\000e\000-\000o\000f\000f\000s\000.}{section*.16}% 38
\BOOKMARK [4][]{section*.19}{\376\377\000L\000i\000m\000i\000t\000a\000t\000i\000o\000n\000s\000.}{section*.16}% 39
\BOOKMARK [1][]{section.7}{\376\377\000C\000o\000n\000c\000l\000u\000s\000i\000o\000n\000s}{}% 40
\BOOKMARK [2][]{section*.20}{\376\377\000P\000r\000a\000c\000t\000i\000c\000a\000l\000\040\000r\000e\000c\000o\000m\000m\000e\000n\000d\000a\000t\000i\000o\000n\000.}{section.7}% 41
\BOOKMARK [1][]{section.8}{\376\377\000D\000e\000v\000i\000a\000t\000i\000o\000n\000s\000\040\000f\000r\000o\000m\000\040\000t\000h\000e\000\040\000i\000n\000i\000t\000i\000a\000l\000\040\000r\000e\000p\000o\000r\000t}{}% 42
\BOOKMARK [2][]{subsection.8.1}{\376\377\000S\000c\000o\000p\000e\000\040\000a\000n\000d\000\040\000a\000l\000g\000o\000r\000i\000t\000h\000m\000s}{section.8}% 43
\BOOKMARK [2][]{subsection.8.2}{\376\377\000E\000x\000p\000e\000r\000i\000m\000e\000n\000t\000a\000l\000\040\000s\000c\000a\000l\000e}{section.8}% 44
\BOOKMARK [2][]{subsection.8.3}{\376\377\000S\000o\000f\000t\000w\000a\000r\000e\000\040\000e\000n\000g\000i\000n\000e\000e\000r\000i\000n\000g\000\040\000c\000h\000a\000n\000g\000e\000s}{section.8}% 45
\BOOKMARK [2][]{subsection.8.4}{\376\377\000A\000n\000a\000l\000y\000s\000i\000s\000\040\000a\000n\000d\000\040\000r\000e\000p\000o\000r\000t\000i\000n\000g}{section.8}% 46
\BOOKMARK [2][]{subsection.8.5}{\376\377\000W\000h\000a\000t\000\040\000r\000e\000m\000a\000i\000n\000e\000d\000\040\000a\000l\000i\000g\000n\000e\000d}{section.8}% 47
